<?xml version="1.0"?>
<link_info>
   <banner>MSP430 Linker PC v4.3.3</banner>
   <copyright>Copyright (c) 2003-2014 Texas Instruments Incorporated</copyright>
   <link_time>0x55152669</link_time>
   <link_errors>0x0</link_errors>
   <output_file>CEC.out</output_file>
   <entry_point>
      <name>_c_int00</name>
      <address>0x4762</address>
   </entry_point>
   <input_file_list>
      <input_file id="fl-2">
         <path>.\</path>
         <kind>object</kind>
         <file>initGPIO.obj</file>
         <name>initGPIO.obj</name>
      </input_file>
      <input_file id="fl-3">
         <path>.\</path>
         <kind>object</kind>
         <file>main.obj</file>
         <name>main.obj</name>
      </input_file>
      <input_file id="fl-4">
         <path>.\</path>
         <kind>object</kind>
         <file>myClocks.obj</file>
         <name>myClocks.obj</name>
      </input_file>
      <input_file id="fl-5">
         <path>.\</path>
         <kind>object</kind>
         <file>myTimers.obj</file>
         <name>myTimers.obj</name>
      </input_file>
      <input_file id="fl-6">
         <path>.\</path>
         <kind>object</kind>
         <file>unused_interrupts.obj</file>
         <name>unused_interrupts.obj</name>
      </input_file>
      <input_file id="fl-7">
         <path>.\driverlib\MSP430F5xx_6xx\</path>
         <kind>object</kind>
         <file>adc10_a.obj</file>
         <name>adc10_a.obj</name>
      </input_file>
      <input_file id="fl-8">
         <path>.\driverlib\MSP430F5xx_6xx\</path>
         <kind>object</kind>
         <file>adc12_a.obj</file>
         <name>adc12_a.obj</name>
      </input_file>
      <input_file id="fl-9">
         <path>.\driverlib\MSP430F5xx_6xx\</path>
         <kind>object</kind>
         <file>aes.obj</file>
         <name>aes.obj</name>
      </input_file>
      <input_file id="fl-a">
         <path>.\driverlib\MSP430F5xx_6xx\</path>
         <kind>object</kind>
         <file>bak_batt.obj</file>
         <name>bak_batt.obj</name>
      </input_file>
      <input_file id="fl-b">
         <path>.\driverlib\MSP430F5xx_6xx\</path>
         <kind>object</kind>
         <file>comp_b.obj</file>
         <name>comp_b.obj</name>
      </input_file>
      <input_file id="fl-c">
         <path>.\driverlib\MSP430F5xx_6xx\</path>
         <kind>object</kind>
         <file>crc.obj</file>
         <name>crc.obj</name>
      </input_file>
      <input_file id="fl-d">
         <path>.\driverlib\MSP430F5xx_6xx\</path>
         <kind>object</kind>
         <file>dac12_a.obj</file>
         <name>dac12_a.obj</name>
      </input_file>
      <input_file id="fl-e">
         <path>.\driverlib\MSP430F5xx_6xx\</path>
         <kind>object</kind>
         <file>dma.obj</file>
         <name>dma.obj</name>
      </input_file>
      <input_file id="fl-f">
         <path>.\driverlib\MSP430F5xx_6xx\</path>
         <kind>object</kind>
         <file>eusci_a_spi.obj</file>
         <name>eusci_a_spi.obj</name>
      </input_file>
      <input_file id="fl-10">
         <path>.\driverlib\MSP430F5xx_6xx\</path>
         <kind>object</kind>
         <file>eusci_a_uart.obj</file>
         <name>eusci_a_uart.obj</name>
      </input_file>
      <input_file id="fl-11">
         <path>.\driverlib\MSP430F5xx_6xx\</path>
         <kind>object</kind>
         <file>eusci_b_i2c.obj</file>
         <name>eusci_b_i2c.obj</name>
      </input_file>
      <input_file id="fl-12">
         <path>.\driverlib\MSP430F5xx_6xx\</path>
         <kind>object</kind>
         <file>eusci_b_spi.obj</file>
         <name>eusci_b_spi.obj</name>
      </input_file>
      <input_file id="fl-13">
         <path>.\driverlib\MSP430F5xx_6xx\</path>
         <kind>object</kind>
         <file>eusci_i2c.obj</file>
         <name>eusci_i2c.obj</name>
      </input_file>
      <input_file id="fl-14">
         <path>.\driverlib\MSP430F5xx_6xx\</path>
         <kind>object</kind>
         <file>eusci_spi.obj</file>
         <name>eusci_spi.obj</name>
      </input_file>
      <input_file id="fl-15">
         <path>.\driverlib\MSP430F5xx_6xx\</path>
         <kind>object</kind>
         <file>eusci_uart.obj</file>
         <name>eusci_uart.obj</name>
      </input_file>
      <input_file id="fl-16">
         <path>.\driverlib\MSP430F5xx_6xx\</path>
         <kind>object</kind>
         <file>flash.obj</file>
         <name>flash.obj</name>
      </input_file>
      <input_file id="fl-17">
         <path>.\driverlib\MSP430F5xx_6xx\</path>
         <kind>object</kind>
         <file>gpio.obj</file>
         <name>gpio.obj</name>
      </input_file>
      <input_file id="fl-18">
         <path>.\driverlib\MSP430F5xx_6xx\</path>
         <kind>object</kind>
         <file>ldopwr.obj</file>
         <name>ldopwr.obj</name>
      </input_file>
      <input_file id="fl-19">
         <path>.\driverlib\MSP430F5xx_6xx\</path>
         <kind>object</kind>
         <file>mpy32.obj</file>
         <name>mpy32.obj</name>
      </input_file>
      <input_file id="fl-1a">
         <path>.\driverlib\MSP430F5xx_6xx\</path>
         <kind>object</kind>
         <file>pmap.obj</file>
         <name>pmap.obj</name>
      </input_file>
      <input_file id="fl-1b">
         <path>.\driverlib\MSP430F5xx_6xx\</path>
         <kind>object</kind>
         <file>pmm.obj</file>
         <name>pmm.obj</name>
      </input_file>
      <input_file id="fl-1c">
         <path>.\driverlib\MSP430F5xx_6xx\</path>
         <kind>object</kind>
         <file>ram.obj</file>
         <name>ram.obj</name>
      </input_file>
      <input_file id="fl-1d">
         <path>.\driverlib\MSP430F5xx_6xx\</path>
         <kind>object</kind>
         <file>ref.obj</file>
         <name>ref.obj</name>
      </input_file>
      <input_file id="fl-1e">
         <path>.\driverlib\MSP430F5xx_6xx\</path>
         <kind>object</kind>
         <file>rtc_a.obj</file>
         <name>rtc_a.obj</name>
      </input_file>
      <input_file id="fl-1f">
         <path>.\driverlib\MSP430F5xx_6xx\</path>
         <kind>object</kind>
         <file>rtc_b.obj</file>
         <name>rtc_b.obj</name>
      </input_file>
      <input_file id="fl-20">
         <path>.\driverlib\MSP430F5xx_6xx\</path>
         <kind>object</kind>
         <file>rtc_c.obj</file>
         <name>rtc_c.obj</name>
      </input_file>
      <input_file id="fl-21">
         <path>.\driverlib\MSP430F5xx_6xx\</path>
         <kind>object</kind>
         <file>sd24_b.obj</file>
         <name>sd24_b.obj</name>
      </input_file>
      <input_file id="fl-22">
         <path>.\driverlib\MSP430F5xx_6xx\</path>
         <kind>object</kind>
         <file>sfr.obj</file>
         <name>sfr.obj</name>
      </input_file>
      <input_file id="fl-23">
         <path>.\driverlib\MSP430F5xx_6xx\</path>
         <kind>object</kind>
         <file>sys.obj</file>
         <name>sys.obj</name>
      </input_file>
      <input_file id="fl-24">
         <path>.\driverlib\MSP430F5xx_6xx\</path>
         <kind>object</kind>
         <file>tec.obj</file>
         <name>tec.obj</name>
      </input_file>
      <input_file id="fl-25">
         <path>.\driverlib\MSP430F5xx_6xx\</path>
         <kind>object</kind>
         <file>timer_a.obj</file>
         <name>timer_a.obj</name>
      </input_file>
      <input_file id="fl-26">
         <path>.\driverlib\MSP430F5xx_6xx\</path>
         <kind>object</kind>
         <file>timer_b.obj</file>
         <name>timer_b.obj</name>
      </input_file>
      <input_file id="fl-27">
         <path>.\driverlib\MSP430F5xx_6xx\</path>
         <kind>object</kind>
         <file>timer_d.obj</file>
         <name>timer_d.obj</name>
      </input_file>
      <input_file id="fl-28">
         <path>.\driverlib\MSP430F5xx_6xx\</path>
         <kind>object</kind>
         <file>tlv.obj</file>
         <name>tlv.obj</name>
      </input_file>
      <input_file id="fl-29">
         <path>.\driverlib\MSP430F5xx_6xx\</path>
         <kind>object</kind>
         <file>ucs.obj</file>
         <name>ucs.obj</name>
      </input_file>
      <input_file id="fl-2a">
         <path>.\driverlib\MSP430F5xx_6xx\</path>
         <kind>object</kind>
         <file>usci_a_spi.obj</file>
         <name>usci_a_spi.obj</name>
      </input_file>
      <input_file id="fl-2b">
         <path>.\driverlib\MSP430F5xx_6xx\</path>
         <kind>object</kind>
         <file>usci_a_uart.obj</file>
         <name>usci_a_uart.obj</name>
      </input_file>
      <input_file id="fl-2c">
         <path>.\driverlib\MSP430F5xx_6xx\</path>
         <kind>object</kind>
         <file>usci_b_i2c.obj</file>
         <name>usci_b_i2c.obj</name>
      </input_file>
      <input_file id="fl-2d">
         <path>.\driverlib\MSP430F5xx_6xx\</path>
         <kind>object</kind>
         <file>usci_b_spi.obj</file>
         <name>usci_b_spi.obj</name>
      </input_file>
      <input_file id="fl-2e">
         <path>.\driverlib\MSP430F5xx_6xx\</path>
         <kind>object</kind>
         <file>usci_i2c.obj</file>
         <name>usci_i2c.obj</name>
      </input_file>
      <input_file id="fl-2f">
         <path>.\driverlib\MSP430F5xx_6xx\</path>
         <kind>object</kind>
         <file>usci_spi.obj</file>
         <name>usci_spi.obj</name>
      </input_file>
      <input_file id="fl-30">
         <path>.\driverlib\MSP430F5xx_6xx\</path>
         <kind>object</kind>
         <file>usci_uart.obj</file>
         <name>usci_uart.obj</name>
      </input_file>
      <input_file id="fl-31">
         <path>.\driverlib\MSP430F5xx_6xx\</path>
         <kind>object</kind>
         <file>wdt_a.obj</file>
         <name>wdt_a.obj</name>
      </input_file>
      <input_file id="fl-32">
         <path>.\driverlib\MSP430F5xx_6xx\deprecated\</path>
         <kind>object</kind>
         <file>dma.obj</file>
         <name>dma.obj</name>
      </input_file>
      <input_file id="fl-33">
         <path>.\driverlib\MSP430F5xx_6xx\deprecated\</path>
         <kind>object</kind>
         <file>flash.obj</file>
         <name>flash.obj</name>
      </input_file>
      <input_file id="fl-34">
         <path>.\driverlib\MSP430F5xx_6xx\deprecated\</path>
         <kind>object</kind>
         <file>mpy32.obj</file>
         <name>mpy32.obj</name>
      </input_file>
      <input_file id="fl-35">
         <path>.\driverlib\MSP430F5xx_6xx\deprecated\</path>
         <kind>object</kind>
         <file>pmm.obj</file>
         <name>pmm.obj</name>
      </input_file>
      <input_file id="fl-36">
         <path>.\driverlib\MSP430F5xx_6xx\deprecated\</path>
         <kind>object</kind>
         <file>ram.obj</file>
         <name>ram.obj</name>
      </input_file>
      <input_file id="fl-37">
         <path>.\driverlib\MSP430F5xx_6xx\deprecated\</path>
         <kind>object</kind>
         <file>sfr.obj</file>
         <name>sfr.obj</name>
      </input_file>
      <input_file id="fl-38">
         <path>.\driverlib\MSP430F5xx_6xx\deprecated\</path>
         <kind>object</kind>
         <file>sys.obj</file>
         <name>sys.obj</name>
      </input_file>
      <input_file id="fl-39">
         <path>.\driverlib\MSP430F5xx_6xx\deprecated\</path>
         <kind>object</kind>
         <file>ucs.obj</file>
         <name>ucs.obj</name>
      </input_file>
      <input_file id="fl-68">
         <path>c:\ti\ccsv6\tools\compiler\msp430_4.3.3\lib\</path>
         <kind>archive</kind>
         <file>rts430x_lc_rd_eabi.lib</file>
         <name>boot.obj</name>
      </input_file>
      <input_file id="fl-69">
         <path>c:\ti\ccsv6\tools\compiler\msp430_4.3.3\lib\</path>
         <kind>archive</kind>
         <file>rts430x_lc_rd_eabi.lib</file>
         <name>copy_decompress_none.obj</name>
      </input_file>
      <input_file id="fl-6a">
         <path>c:\ti\ccsv6\tools\compiler\msp430_4.3.3\lib\</path>
         <kind>archive</kind>
         <file>rts430x_lc_rd_eabi.lib</file>
         <name>copy_decompress_rle.obj</name>
      </input_file>
      <input_file id="fl-6b">
         <path>c:\ti\ccsv6\tools\compiler\msp430_4.3.3\lib\</path>
         <kind>archive</kind>
         <file>rts430x_lc_rd_eabi.lib</file>
         <name>copy_zero_init.obj</name>
      </input_file>
      <input_file id="fl-6c">
         <path>c:\ti\ccsv6\tools\compiler\msp430_4.3.3\lib\</path>
         <kind>archive</kind>
         <file>rts430x_lc_rd_eabi.lib</file>
         <name>div16s.obj</name>
      </input_file>
      <input_file id="fl-6d">
         <path>c:\ti\ccsv6\tools\compiler\msp430_4.3.3\lib\</path>
         <kind>archive</kind>
         <file>rts430x_lc_rd_eabi.lib</file>
         <name>div16u.obj</name>
      </input_file>
      <input_file id="fl-6e">
         <path>c:\ti\ccsv6\tools\compiler\msp430_4.3.3\lib\</path>
         <kind>archive</kind>
         <file>rts430x_lc_rd_eabi.lib</file>
         <name>div32s.obj</name>
      </input_file>
      <input_file id="fl-6f">
         <path>c:\ti\ccsv6\tools\compiler\msp430_4.3.3\lib\</path>
         <kind>archive</kind>
         <file>rts430x_lc_rd_eabi.lib</file>
         <name>div32u.obj</name>
      </input_file>
      <input_file id="fl-70">
         <path>c:\ti\ccsv6\tools\compiler\msp430_4.3.3\lib\</path>
         <kind>archive</kind>
         <file>rts430x_lc_rd_eabi.lib</file>
         <name>exit.obj</name>
      </input_file>
      <input_file id="fl-71">
         <path>c:\ti\ccsv6\tools\compiler\msp430_4.3.3\lib\</path>
         <kind>archive</kind>
         <file>rts430x_lc_rd_eabi.lib</file>
         <name>int47.obj</name>
      </input_file>
      <input_file id="fl-72">
         <path>c:\ti\ccsv6\tools\compiler\msp430_4.3.3\lib\</path>
         <kind>archive</kind>
         <file>rts430x_lc_rd_eabi.lib</file>
         <name>int57.obj</name>
      </input_file>
      <input_file id="fl-73">
         <path>c:\ti\ccsv6\tools\compiler\msp430_4.3.3\lib\</path>
         <kind>archive</kind>
         <file>rts430x_lc_rd_eabi.lib</file>
         <name>isr_trap.obj</name>
      </input_file>
      <input_file id="fl-74">
         <path>c:\ti\ccsv6\tools\compiler\msp430_4.3.3\lib\</path>
         <kind>archive</kind>
         <file>rts430x_lc_rd_eabi.lib</file>
         <name>lsl16.obj</name>
      </input_file>
      <input_file id="fl-75">
         <path>c:\ti\ccsv6\tools\compiler\msp430_4.3.3\lib\</path>
         <kind>archive</kind>
         <file>rts430x_lc_rd_eabi.lib</file>
         <name>memcpy.obj</name>
      </input_file>
      <input_file id="fl-76">
         <path>c:\ti\ccsv6\tools\compiler\msp430_4.3.3\lib\</path>
         <kind>archive</kind>
         <file>rts430x_lc_rd_eabi.lib</file>
         <name>mpu_init.obj</name>
      </input_file>
      <input_file id="fl-77">
         <path>c:\ti\ccsv6\tools\compiler\msp430_4.3.3\lib\</path>
         <kind>archive</kind>
         <file>rts430x_lc_rd_eabi.lib</file>
         <name>mult32_f5hw.obj</name>
      </input_file>
      <input_file id="fl-78">
         <path>c:\ti\ccsv6\tools\compiler\msp430_4.3.3\lib\</path>
         <kind>archive</kind>
         <file>rts430x_lc_rd_eabi.lib</file>
         <name>pre_init.obj</name>
      </input_file>
      <input_file id="fl-79">
         <path>c:\ti\ccsv6\tools\compiler\msp430_4.3.3\lib\</path>
         <kind>archive</kind>
         <file>rts430x_lc_rd_eabi.lib</file>
         <name>printf.obj</name>
      </input_file>
      <input_file id="fl-7a">
         <path>c:\ti\ccsv6\tools\compiler\msp430_4.3.3\lib\</path>
         <kind>archive</kind>
         <file>rts430x_lc_rd_eabi.lib</file>
         <name>_lock.obj</name>
      </input_file>
      <input_file id="fl-7b">
         <path>c:\ti\ccsv6\tools\compiler\msp430_4.3.3\lib\</path>
         <kind>archive</kind>
         <file>rts430x_lc_rd_eabi.lib</file>
         <name>_printfi_min.obj</name>
      </input_file>
      <input_file id="fl-7c">
         <path>c:\ti\ccsv6\tools\compiler\msp430_4.3.3\lib\</path>
         <kind>archive</kind>
         <file>rts430x_lc_rd_eabi.lib</file>
         <name>args_main.obj</name>
      </input_file>
      <input_file id="fl-7d">
         <path>c:\ti\ccsv6\tools\compiler\msp430_4.3.3\lib\</path>
         <kind>archive</kind>
         <file>rts430x_lc_rd_eabi.lib</file>
         <name>autoinit.obj</name>
      </input_file>
      <input_file id="fl-7e">
         <path>c:\ti\ccsv6\tools\compiler\msp430_4.3.3\lib\</path>
         <kind>archive</kind>
         <file>rts430x_lc_rd_eabi.lib</file>
         <name>defs.obj</name>
      </input_file>
      <input_file id="fl-7f">
         <path>c:\ti\ccsv6\tools\compiler\msp430_4.3.3\lib\</path>
         <kind>archive</kind>
         <file>rts430x_lc_rd_eabi.lib</file>
         <name>fputc.obj</name>
      </input_file>
      <input_file id="fl-80">
         <path>c:\ti\ccsv6\tools\compiler\msp430_4.3.3\lib\</path>
         <kind>archive</kind>
         <file>rts430x_lc_rd_eabi.lib</file>
         <name>fputs.obj</name>
      </input_file>
      <input_file id="fl-81">
         <path>c:\ti\ccsv6\tools\compiler\msp430_4.3.3\lib\</path>
         <kind>archive</kind>
         <file>rts430x_lc_rd_eabi.lib</file>
         <name>lowlev.obj</name>
      </input_file>
      <input_file id="fl-82">
         <path>c:\ti\ccsv6\tools\compiler\msp430_4.3.3\lib\</path>
         <kind>archive</kind>
         <file>rts430x_lc_rd_eabi.lib</file>
         <name>memccpy.obj</name>
      </input_file>
      <input_file id="fl-83">
         <path>c:\ti\ccsv6\tools\compiler\msp430_4.3.3\lib\</path>
         <kind>archive</kind>
         <file>rts430x_lc_rd_eabi.lib</file>
         <name>memchr.obj</name>
      </input_file>
      <input_file id="fl-84">
         <path>c:\ti\ccsv6\tools\compiler\msp430_4.3.3\lib\</path>
         <kind>archive</kind>
         <file>rts430x_lc_rd_eabi.lib</file>
         <name>memset.obj</name>
      </input_file>
      <input_file id="fl-85">
         <path>c:\ti\ccsv6\tools\compiler\msp430_4.3.3\lib\</path>
         <kind>archive</kind>
         <file>rts430x_lc_rd_eabi.lib</file>
         <name>mult16_f5hw.obj</name>
      </input_file>
      <input_file id="fl-86">
         <path>c:\ti\ccsv6\tools\compiler\msp430_4.3.3\lib\</path>
         <kind>archive</kind>
         <file>rts430x_lc_rd_eabi.lib</file>
         <name>strchr.obj</name>
      </input_file>
      <input_file id="fl-87">
         <path>c:\ti\ccsv6\tools\compiler\msp430_4.3.3\lib\</path>
         <kind>archive</kind>
         <file>rts430x_lc_rd_eabi.lib</file>
         <name>strcmp.obj</name>
      </input_file>
      <input_file id="fl-88">
         <path>c:\ti\ccsv6\tools\compiler\msp430_4.3.3\lib\</path>
         <kind>archive</kind>
         <file>rts430x_lc_rd_eabi.lib</file>
         <name>strlen.obj</name>
      </input_file>
      <input_file id="fl-89">
         <path>c:\ti\ccsv6\tools\compiler\msp430_4.3.3\lib\</path>
         <kind>archive</kind>
         <file>rts430x_lc_rd_eabi.lib</file>
         <name>strncpy.obj</name>
      </input_file>
      <input_file id="fl-8a">
         <path>c:\ti\ccsv6\tools\compiler\msp430_4.3.3\lib\</path>
         <kind>archive</kind>
         <file>rts430x_lc_rd_eabi.lib</file>
         <name>trgdrv.obj</name>
      </input_file>
      <input_file id="fl-8b">
         <path>c:\ti\ccsv6\tools\compiler\msp430_4.3.3\lib\</path>
         <kind>archive</kind>
         <file>rts430x_lc_rd_eabi.lib</file>
         <name>trgmsg.obj</name>
      </input_file>
      <input_file id="fl-8c">
         <path>c:\ti\ccsv6\tools\compiler\msp430_4.3.3\lib\</path>
         <kind>archive</kind>
         <file>rts430x_lc_rd_eabi.lib</file>
         <name>_io_perm.obj</name>
      </input_file>
      <input_file id="fl-8d">
         <path>c:\ti\ccsv6\tools\compiler\msp430_4.3.3\lib\</path>
         <kind>archive</kind>
         <file>rts430x_lc_rd_eabi.lib</file>
         <name>fflush.obj</name>
      </input_file>
      <input_file id="fl-8e">
         <path>c:\ti\ccsv6\tools\compiler\msp430_4.3.3\lib\</path>
         <kind>archive</kind>
         <file>rts430x_lc_rd_eabi.lib</file>
         <name>fseek.obj</name>
      </input_file>
      <input_file id="fl-8f">
         <path>c:\ti\ccsv6\tools\compiler\msp430_4.3.3\lib\</path>
         <kind>archive</kind>
         <file>rts430x_lc_rd_eabi.lib</file>
         <name>lsl32.obj</name>
      </input_file>
      <input_file id="fl-90">
         <path>c:\ti\ccsv6\tools\compiler\msp430_4.3.3\lib\</path>
         <kind>archive</kind>
         <file>rts430x_lc_rd_eabi.lib</file>
         <name>lsr32.obj</name>
      </input_file>
      <input_file id="fl-91">
         <path>c:\ti\ccsv6\tools\compiler\msp430_4.3.3\lib\</path>
         <kind>archive</kind>
         <file>rts430x_lc_rd_eabi.lib</file>
         <name>setvbuf.obj</name>
      </input_file>
      <input_file id="fl-92">
         <path>c:\ti\ccsv6\tools\compiler\msp430_4.3.3\lib\</path>
         <kind>archive</kind>
         <file>rts430x_lc_rd_eabi.lib</file>
         <name>strcpy.obj</name>
      </input_file>
      <input_file id="fl-93">
         <path>c:\ti\ccsv6\tools\compiler\msp430_4.3.3\lib\</path>
         <kind>archive</kind>
         <file>rts430x_lc_rd_eabi.lib</file>
         <name>fopen.obj</name>
      </input_file>
      <input_file id="fl-94">
         <path>c:\ti\ccsv6\tools\compiler\msp430_4.3.3\lib\</path>
         <kind>archive</kind>
         <file>rts430x_lc_rd_eabi.lib</file>
         <name>memory.obj</name>
      </input_file>
      <input_file id="fl-95">
         <path>c:\ti\ccsv6\tools\compiler\msp430_4.3.3\lib\</path>
         <kind>archive</kind>
         <file>rts430x_lc_rd_eabi.lib</file>
         <name>fclose.obj</name>
      </input_file>
      <input_file id="fl-96">
         <path>c:\ti\ccsv6\tools\compiler\msp430_4.3.3\lib\</path>
         <kind>archive</kind>
         <file>rts430x_lc_rd_eabi.lib</file>
         <name>remove.obj</name>
      </input_file>
   </input_file_list>
   <object_component_list>
      <object_component id="oc-9b">
         <name>.sysmem</name>
         <uninitialized>true</uninitialized>
         <run_address>0x259c</run_address>
         <size>0x6</size>
         <input_file_ref idref="fl-94"/>
      </object_component>
      <object_component id="oc-511">
         <name>.sysmem</name>
         <uninitialized>true</uninitialized>
         <run_address>0x259c</run_address>
         <size>0x0</size>
      </object_component>
      <object_component id="oc-97">
         <name>.stack</name>
         <uninitialized>true</uninitialized>
         <run_address>0x4360</run_address>
         <size>0x4</size>
         <input_file_ref idref="fl-68"/>
      </object_component>
      <object_component id="oc-510">
         <name>.stack</name>
         <uninitialized>true</uninitialized>
         <run_address>0x4360</run_address>
         <size>0x0</size>
      </object_component>
      <object_component id="oc-2af">
         <name>.text:_setfield</name>
         <load_address>0x10000</load_address>
         <run_address>0x10000</run_address>
         <size>0x132</size>
         <input_file_ref idref="fl-7b"/>
      </object_component>
      <object_component id="oc-29b">
         <name>.text:fputs</name>
         <load_address>0x10132</load_address>
         <run_address>0x10132</run_address>
         <size>0xf0</size>
         <input_file_ref idref="fl-80"/>
      </object_component>
      <object_component id="oc-329">
         <name>.text:setvbuf</name>
         <load_address>0x10222</load_address>
         <run_address>0x10222</run_address>
         <size>0xe0</size>
         <input_file_ref idref="fl-91"/>
      </object_component>
      <object_component id="oc-150">
         <name>.text:initGPIO</name>
         <load_address>0x10302</load_address>
         <run_address>0x10302</run_address>
         <size>0xd6</size>
         <input_file_ref idref="fl-2"/>
      </object_component>
      <object_component id="oc-23d">
         <name>.text:__TI_printfi_minimal</name>
         <load_address>0x103d8</load_address>
         <run_address>0x103d8</run_address>
         <size>0xd2</size>
         <input_file_ref idref="fl-7b"/>
      </object_component>
      <object_component id="oc-366">
         <name>.text:malloc</name>
         <load_address>0x104aa</load_address>
         <run_address>0x104aa</run_address>
         <size>0xba</size>
         <input_file_ref idref="fl-94"/>
      </object_component>
      <object_component id="oc-3d5">
         <name>.text:HOSTlseek</name>
         <load_address>0x10564</load_address>
         <run_address>0x10564</run_address>
         <size>0x9e</size>
         <input_file_ref idref="fl-8a"/>
      </object_component>
      <object_component id="oc-2a2">
         <name>.text:fputc</name>
         <load_address>0x10602</load_address>
         <run_address>0x10602</run_address>
         <size>0x90</size>
         <input_file_ref idref="fl-7f"/>
      </object_component>
      <object_component id="oc-360">
         <name>.text:free</name>
         <load_address>0x10692</load_address>
         <run_address>0x10692</run_address>
         <size>0x8e</size>
         <input_file_ref idref="fl-94"/>
      </object_component>
      <object_component id="oc-2df">
         <name>.text:__TI_wrt_ok</name>
         <load_address>0x10720</load_address>
         <run_address>0x10720</run_address>
         <size>0x7e</size>
         <input_file_ref idref="fl-8c"/>
      </object_component>
      <object_component id="oc-26c">
         <name>.text:TIMER_A_initUpMode</name>
         <load_address>0x1079e</load_address>
         <run_address>0x1079e</run_address>
         <size>0x7c</size>
         <input_file_ref idref="fl-25"/>
      </object_component>
      <object_component id="oc-282">
         <name>.text:TIMER_B_initUpMode</name>
         <load_address>0x1081a</load_address>
         <run_address>0x1081a</run_address>
         <size>0x7c</size>
         <input_file_ref idref="fl-26"/>
      </object_component>
      <object_component id="oc-3e1">
         <name>.text:HOSTrename</name>
         <load_address>0x10896</load_address>
         <run_address>0x10896</run_address>
         <size>0x74</size>
         <input_file_ref idref="fl-8a"/>
      </object_component>
      <object_component id="oc-3b1">
         <name>.text:__TI_closefile</name>
         <load_address>0x1090a</load_address>
         <run_address>0x1090a</run_address>
         <size>0x70</size>
         <input_file_ref idref="fl-95"/>
      </object_component>
      <object_component id="oc-3bd">
         <name>.text:HOSTopen</name>
         <load_address>0x1097a</load_address>
         <run_address>0x1097a</run_address>
         <size>0x6e</size>
         <input_file_ref idref="fl-8a"/>
      </object_component>
      <object_component id="oc-b5">
         <name>.text:_auto_init_hold_wdt</name>
         <load_address>0x109e8</load_address>
         <run_address>0x109e8</run_address>
         <size>0x6e</size>
         <input_file_ref idref="fl-7d"/>
      </object_component>
      <object_component id="oc-3cf">
         <name>.text:HOSTwrite</name>
         <load_address>0x10a56</load_address>
         <run_address>0x10a56</run_address>
         <size>0x6a</size>
         <input_file_ref idref="fl-8a"/>
      </object_component>
      <object_component id="oc-323">
         <name>.text:fseek</name>
         <load_address>0x10ac0</load_address>
         <run_address>0x10ac0</run_address>
         <size>0x6a</size>
         <input_file_ref idref="fl-8e"/>
      </object_component>
      <object_component id="oc-3c9">
         <name>.text:HOSTread</name>
         <load_address>0x10b2a</load_address>
         <run_address>0x10b2a</run_address>
         <size>0x68</size>
         <input_file_ref idref="fl-8a"/>
      </object_component>
      <object_component id="oc-2eb">
         <name>.text:__TI_doflush</name>
         <load_address>0x10b92</load_address>
         <run_address>0x10b92</run_address>
         <size>0x64</size>
         <input_file_ref idref="fl-8d"/>
      </object_component>
      <object_component id="oc-e8">
         <name>.text:__TI_decompress_rle_core</name>
         <load_address>0x10bf6</load_address>
         <run_address>0x10bf6</run_address>
         <size>0x62</size>
         <input_file_ref idref="fl-6a"/>
      </object_component>
      <object_component id="oc-162">
         <name>.text:initTimerB0</name>
         <load_address>0x10c58</load_address>
         <run_address>0x10c58</run_address>
         <size>0x5e</size>
         <input_file_ref idref="fl-5"/>
      </object_component>
      <object_component id="oc-34d">
         <name>.text:_ltostr</name>
         <load_address>0x10cb6</load_address>
         <run_address>0x10cb6</run_address>
         <size>0x5a</size>
         <input_file_ref idref="fl-7b"/>
      </object_component>
      <object_component id="oc-3f7">
         <name>.text:close</name>
         <load_address>0x10d10</load_address>
         <run_address>0x10d10</run_address>
         <size>0x5a</size>
         <input_file_ref idref="fl-81"/>
      </object_component>
      <object_component id="oc-463">
         <name>.text:getdevice</name>
         <load_address>0x10d6a</load_address>
         <run_address>0x10d6a</run_address>
         <size>0x5a</size>
         <input_file_ref idref="fl-81"/>
      </object_component>
      <object_component id="oc-156">
         <name>.text:initTimers</name>
         <load_address>0x10dc4</load_address>
         <run_address>0x10dc4</run_address>
         <size>0x56</size>
         <input_file_ref idref="fl-5"/>
      </object_component>
      <object_component id="oc-207">
         <name>.text:TIMER_A_configureUpMode</name>
         <load_address>0x10e1a</load_address>
         <run_address>0x10e1a</run_address>
         <size>0x54</size>
         <input_file_ref idref="fl-25"/>
      </object_component>
      <object_component id="oc-215">
         <name>.text:TIMER_B_configureUpMode</name>
         <load_address>0x10e6e</load_address>
         <run_address>0x10e6e</run_address>
         <size>0x54</size>
         <input_file_ref idref="fl-26"/>
      </object_component>
      <object_component id="oc-15c">
         <name>.text:initTimer0_A1</name>
         <load_address>0x10ec2</load_address>
         <run_address>0x10ec2</run_address>
         <size>0x50</size>
         <input_file_ref idref="fl-5"/>
      </object_component>
      <object_component id="oc-bb">
         <name>.text:main</name>
         <load_address>0x10f12</load_address>
         <run_address>0x10f12</run_address>
         <size>0x4e</size>
         <input_file_ref idref="fl-3"/>
      </object_component>
      <object_component id="oc-3c3">
         <name>.text:HOSTclose</name>
         <load_address>0x10f60</load_address>
         <run_address>0x10f60</run_address>
         <size>0x4c</size>
         <input_file_ref idref="fl-8a"/>
      </object_component>
      <object_component id="oc-304">
         <name>.text:_pproc_diouxp</name>
         <load_address>0x10fac</load_address>
         <run_address>0x10fac</run_address>
         <size>0x4c</size>
         <input_file_ref idref="fl-7b"/>
      </object_component>
      <object_component id="oc-169">
         <name>.text:printf</name>
         <load_address>0x10ff8</load_address>
         <run_address>0x10ff8</run_address>
         <size>0x4a</size>
         <input_file_ref idref="fl-79"/>
      </object_component>
      <object_component id="oc-2b5">
         <name>.text:_pproc_str</name>
         <load_address>0x11042</load_address>
         <run_address>0x11042</run_address>
         <size>0x48</size>
         <input_file_ref idref="fl-7b"/>
      </object_component>
      <object_component id="oc-3db">
         <name>.text:HOSTunlink</name>
         <load_address>0x1108a</load_address>
         <run_address>0x1108a</run_address>
         <size>0x46</size>
         <input_file_ref idref="fl-8a"/>
      </object_component>
      <object_component id="oc-20d">
         <name>.text:TIMER_A_initCompare</name>
         <load_address>0x110d0</load_address>
         <run_address>0x110d0</run_address>
         <size>0x42</size>
         <input_file_ref idref="fl-25"/>
      </object_component>
      <object_component id="oc-21b">
         <name>.text:TIMER_B_initCompare</name>
         <load_address>0x11112</load_address>
         <run_address>0x11112</run_address>
         <size>0x42</size>
         <input_file_ref idref="fl-26"/>
      </object_component>
      <object_component id="oc-3a7">
         <name>.text:minit</name>
         <load_address>0x11154</load_address>
         <run_address>0x11154</run_address>
         <size>0x42</size>
         <input_file_ref idref="fl-94"/>
      </object_component>
      <object_component id="oc-1a6">
         <name>.text:GPIO_setAsInputPinWithPullUpResistor</name>
         <load_address>0x11196</load_address>
         <run_address>0x11196</run_address>
         <size>0x3e</size>
         <input_file_ref idref="fl-17"/>
      </object_component>
      <object_component id="oc-347">
         <name>.text:_getarg_diouxp</name>
         <load_address>0x111d4</load_address>
         <run_address>0x111d4</run_address>
         <size>0x3e</size>
         <input_file_ref idref="fl-7b"/>
      </object_component>
      <object_component id="oc-448">
         <name>.text:l_lsl_const</name>
         <load_address>0x11212</load_address>
         <run_address>0x11212</run_address>
         <size>0x3e</size>
         <input_file_ref idref="fl-8f"/>
      </object_component>
      <object_component id="oc-43b">
         <name>.text:l_lsr_const</name>
         <load_address>0x11250</load_address>
         <run_address>0x11250</run_address>
         <size>0x3e</size>
         <input_file_ref idref="fl-90"/>
      </object_component>
      <object_component id="oc-358">
         <name>.text:lseek</name>
         <load_address>0x1128e</load_address>
         <run_address>0x1128e</run_address>
         <size>0x3e</size>
         <input_file_ref idref="fl-81"/>
      </object_component>
      <object_component id="oc-2f1">
         <name>.text:write</name>
         <load_address>0x112cc</load_address>
         <run_address>0x112cc</run_address>
         <size>0x3c</size>
         <input_file_ref idref="fl-81"/>
      </object_component>
      <object_component id="oc-278">
         <name>.text:TIMER_A_initCompareMode</name>
         <load_address>0x11308</load_address>
         <run_address>0x11308</run_address>
         <size>0x38</size>
         <input_file_ref idref="fl-25"/>
      </object_component>
      <object_component id="oc-28e">
         <name>.text:TIMER_B_initCompareMode</name>
         <load_address>0x11340</load_address>
         <run_address>0x11340</run_address>
         <size>0x38</size>
         <input_file_ref idref="fl-26"/>
      </object_component>
      <object_component id="oc-36c">
         <name>.text:__TI_cleanup</name>
         <load_address>0x11378</load_address>
         <run_address>0x11378</run_address>
         <size>0x36</size>
         <input_file_ref idref="fl-93"/>
      </object_component>
      <object_component id="oc-40f">
         <name>.text:__TI_writemsg</name>
         <load_address>0x113ae</load_address>
         <run_address>0x113ae</run_address>
         <size>0x36</size>
         <input_file_ref idref="fl-8b"/>
      </object_component>
      <object_component id="oc-200">
         <name>.text:GPIO_setAsInputPin</name>
         <load_address>0x113e4</load_address>
         <run_address>0x113e4</run_address>
         <size>0x34</size>
         <input_file_ref idref="fl-17"/>
      </object_component>
      <object_component id="oc-10a">
         <name>.text:TIMER_A_getCounterValue</name>
         <load_address>0x11418</load_address>
         <run_address>0x11418</run_address>
         <size>0x32</size>
         <input_file_ref idref="fl-25"/>
      </object_component>
      <object_component id="oc-416">
         <name>.text:__TI_readmsg</name>
         <load_address>0x1144a</load_address>
         <run_address>0x1144a</run_address>
         <size>0x32</size>
         <input_file_ref idref="fl-8b"/>
      </object_component>
      <object_component id="oc-47e">
         <name>.text:strncpy</name>
         <load_address>0x1147c</load_address>
         <run_address>0x1147c</run_address>
         <size>0x32</size>
         <input_file_ref idref="fl-89"/>
      </object_component>
      <object_component id="oc-3fe">
         <name>.text:unlink</name>
         <load_address>0x114ae</load_address>
         <run_address>0x114ae</run_address>
         <size>0x30</size>
         <input_file_ref idref="fl-81"/>
      </object_component>
      <object_component id="oc-12c">
         <name>.text:GPIO_interruptEdgeSelect</name>
         <load_address>0x114de</load_address>
         <run_address>0x114de</run_address>
         <size>0x2e</size>
         <input_file_ref idref="fl-17"/>
      </object_component>
      <object_component id="oc-c1">
         <name>.text:exit</name>
         <load_address>0x1150c</load_address>
         <run_address>0x1150c</run_address>
         <size>0x2e</size>
         <input_file_ref idref="fl-70"/>
      </object_component>
      <object_component id="oc-484">
         <name>.text:finddevice</name>
         <load_address>0x1153a</load_address>
         <run_address>0x1153a</run_address>
         <size>0x2e</size>
         <input_file_ref idref="fl-81"/>
      </object_component>
      <object_component id="oc-1ac">
         <name>.text:GPIO_setAsOutputPin</name>
         <load_address>0x11568</load_address>
         <run_address>0x11568</run_address>
         <size>0x28</size>
         <input_file_ref idref="fl-17"/>
      </object_component>
      <object_component id="oc-1f4">
         <name>.text:GPIO_setAsPeripheralModuleFunctionOutputPin</name>
         <load_address>0x11590</load_address>
         <run_address>0x11590</run_address>
         <size>0x28</size>
         <input_file_ref idref="fl-17"/>
      </object_component>
      <object_component id="oc-8b">
         <name>.text:decompress:ZI:__TI_zero_init</name>
         <load_address>0x115b8</load_address>
         <run_address>0x115b8</run_address>
         <size>0x24</size>
         <input_file_ref idref="fl-6b"/>
      </object_component>
      <object_component id="oc-30a">
         <name>.text:memccpy</name>
         <load_address>0x115dc</load_address>
         <run_address>0x115dc</run_address>
         <size>0x20</size>
         <input_file_ref idref="fl-82"/>
      </object_component>
      <object_component id="oc-101">
         <name>.text:GPIO_clearInterruptFlag</name>
         <load_address>0x115fc</load_address>
         <run_address>0x115fc</run_address>
         <size>0x1e</size>
         <input_file_ref idref="fl-17"/>
      </object_component>
      <object_component id="oc-1fa">
         <name>.text:GPIO_enableInterrupt</name>
         <load_address>0x1161a</load_address>
         <run_address>0x1161a</run_address>
         <size>0x1e</size>
         <input_file_ref idref="fl-17"/>
      </object_component>
      <object_component id="oc-110">
         <name>.text:GPIO_setOutputHighOnPin</name>
         <load_address>0x11638</load_address>
         <run_address>0x11638</run_address>
         <size>0x1c</size>
         <input_file_ref idref="fl-17"/>
      </object_component>
      <object_component id="oc-136">
         <name>.text:GPIO_setOutputLowOnPin</name>
         <load_address>0x11654</load_address>
         <run_address>0x11654</run_address>
         <size>0x1c</size>
         <input_file_ref idref="fl-17"/>
      </object_component>
      <object_component id="oc-14a">
         <name>.text:WDT_A_hold</name>
         <load_address>0x11670</load_address>
         <run_address>0x11670</run_address>
         <size>0x1c</size>
         <input_file_ref idref="fl-31"/>
      </object_component>
      <object_component id="oc-495">
         <name>.text:strcmp</name>
         <load_address>0x1168c</load_address>
         <run_address>0x1168c</run_address>
         <size>0x1c</size>
         <input_file_ref idref="fl-87"/>
      </object_component>
      <object_component id="oc-395">
         <name>.text:_div</name>
         <load_address>0x116a8</load_address>
         <run_address>0x116a8</run_address>
         <size>0x1a</size>
         <input_file_ref idref="fl-7b"/>
      </object_component>
      <object_component id="oc-478">
         <name>.text:strchr</name>
         <load_address>0x116c2</load_address>
         <run_address>0x116c2</run_address>
         <size>0x1a</size>
         <input_file_ref idref="fl-86"/>
      </object_component>
      <object_component id="oc-2e5">
         <name>.text:memchr</name>
         <load_address>0x116dc</load_address>
         <run_address>0x116dc</run_address>
         <size>0x16</size>
         <input_file_ref idref="fl-83"/>
      </object_component>
      <object_component id="oc-2fd">
         <name>.text:memset</name>
         <load_address>0x116f2</load_address>
         <run_address>0x116f2</run_address>
         <size>0x16</size>
         <input_file_ref idref="fl-84"/>
      </object_component>
      <object_component id="oc-3e9">
         <name>.text</name>
         <load_address>0x11708</load_address>
         <run_address>0x11708</run_address>
         <size>0x16</size>
         <input_file_ref idref="fl-6d"/>
      </object_component>
      <object_component id="oc-335">
         <name>.text</name>
         <load_address>0x1171e</load_address>
         <run_address>0x1171e</run_address>
         <size>0x16</size>
         <input_file_ref idref="fl-85"/>
      </object_component>
      <object_component id="oc-d4">
         <name>.text:memcpy</name>
         <load_address>0x11734</load_address>
         <run_address>0x11734</run_address>
         <size>0x14</size>
         <input_file_ref idref="fl-75"/>
      </object_component>
      <object_component id="oc-85">
         <name>.text:decompress:none:__TI_decompress_none</name>
         <load_address>0x11748</load_address>
         <run_address>0x11748</run_address>
         <size>0x12</size>
         <input_file_ref idref="fl-69"/>
      </object_component>
      <object_component id="oc-456">
         <name>.text:strcpy</name>
         <load_address>0x1175a</load_address>
         <run_address>0x1175a</run_address>
         <size>0x12</size>
         <input_file_ref idref="fl-92"/>
      </object_component>
      <object_component id="oc-2a9">
         <name>.text:strlen</name>
         <load_address>0x1176c</load_address>
         <run_address>0x1176c</run_address>
         <size>0xe</size>
         <input_file_ref idref="fl-88"/>
      </object_component>
      <object_component id="oc-175">
         <name>.text:TIMER_A_disableCaptureCompareInterrupt</name>
         <load_address>0x1177a</load_address>
         <run_address>0x1177a</run_address>
         <size>0xc</size>
         <input_file_ref idref="fl-25"/>
      </object_component>
      <object_component id="oc-199">
         <name>.text:TIMER_A_setCompareValue</name>
         <load_address>0x11786</load_address>
         <run_address>0x11786</run_address>
         <size>0xc</size>
         <input_file_ref idref="fl-25"/>
      </object_component>
      <object_component id="oc-11f">
         <name>.text:TIMER_A_stop</name>
         <load_address>0x11792</load_address>
         <run_address>0x11792</run_address>
         <size>0xc</size>
         <input_file_ref idref="fl-25"/>
      </object_component>
      <object_component id="oc-17b">
         <name>.text:TIMER_B_disableCaptureCompareInterrupt</name>
         <load_address>0x1179e</load_address>
         <run_address>0x1179e</run_address>
         <size>0xc</size>
         <input_file_ref idref="fl-26"/>
      </object_component>
      <object_component id="oc-1b2">
         <name>.text:TIMER_B_setCompareValue</name>
         <load_address>0x117aa</load_address>
         <run_address>0x117aa</run_address>
         <size>0xc</size>
         <input_file_ref idref="fl-26"/>
      </object_component>
      <object_component id="oc-221">
         <name>.text:TIMER_B_clearCaptureCompareInterruptFlag</name>
         <load_address>0x117b6</load_address>
         <run_address>0x117b6</run_address>
         <size>0xa</size>
         <input_file_ref idref="fl-26"/>
      </object_component>
      <object_component id="oc-119">
         <name>.text:TIMER_A_clear</name>
         <load_address>0x117c0</load_address>
         <run_address>0x117c0</run_address>
         <size>0x6</size>
         <input_file_ref idref="fl-25"/>
      </object_component>
      <object_component id="oc-193">
         <name>.text:TIMER_A_clearTimerInterruptFlag</name>
         <load_address>0x117c6</load_address>
         <run_address>0x117c6</run_address>
         <size>0x6</size>
         <input_file_ref idref="fl-25"/>
      </object_component>
      <object_component id="oc-16f">
         <name>.text:TIMER_A_disableInterrupt</name>
         <load_address>0x117cc</load_address>
         <run_address>0x117cc</run_address>
         <size>0x6</size>
         <input_file_ref idref="fl-25"/>
      </object_component>
      <object_component id="oc-125">
         <name>.text:TIMER_A_startCounter</name>
         <load_address>0x117d2</load_address>
         <run_address>0x117d2</run_address>
         <size>0x6</size>
         <input_file_ref idref="fl-25"/>
      </object_component>
      <object_component id="oc-1a0">
         <name>.text:TIMER_B_clearTimerInterruptFlag</name>
         <load_address>0x117d8</load_address>
         <run_address>0x117d8</run_address>
         <size>0x6</size>
         <input_file_ref idref="fl-26"/>
      </object_component>
      <object_component id="oc-227">
         <name>.text:TIMER_B_startCounter</name>
         <load_address>0x117de</load_address>
         <run_address>0x117de</run_address>
         <size>0x6</size>
         <input_file_ref idref="fl-26"/>
      </object_component>
      <object_component id="oc-aa">
         <name>.text:__TI_ISR_TRAP</name>
         <load_address>0x117e4</load_address>
         <run_address>0x117e4</run_address>
         <size>0x6</size>
         <input_file_ref idref="fl-73"/>
      </object_component>
      <object_component id="oc-237">
         <name>.text:_outc</name>
         <load_address>0x117ea</load_address>
         <run_address>0x117ea</run_address>
         <size>0x6</size>
         <input_file_ref idref="fl-79"/>
      </object_component>
      <object_component id="oc-91">
         <name>.text:decompress:rle24:__TI_decompress_rle24</name>
         <load_address>0x117f0</load_address>
         <run_address>0x117f0</run_address>
         <size>0x6</size>
         <input_file_ref idref="fl-6a"/>
      </object_component>
      <object_component id="oc-231">
         <name>.text:_outs</name>
         <load_address>0x117f6</load_address>
         <run_address>0x117f6</run_address>
         <size>0x4</size>
         <input_file_ref idref="fl-79"/>
      </object_component>
      <object_component id="oc-af">
         <name>.text:_system_pre_init</name>
         <load_address>0x117fa</load_address>
         <run_address>0x117fa</run_address>
         <size>0x4</size>
         <input_file_ref idref="fl-78"/>
      </object_component>
      <object_component id="oc-18b">
         <name>.text:abort</name>
         <load_address>0x117fe</load_address>
         <run_address>0x117fe</run_address>
         <size>0x4</size>
         <input_file_ref idref="fl-70"/>
      </object_component>
      <object_component id="oc-248">
         <name>.text:_nop</name>
         <load_address>0x11802</load_address>
         <run_address>0x11802</run_address>
         <size>0x2</size>
         <input_file_ref idref="fl-7a"/>
      </object_component>
      <object_component id="oc-a4">
         <name>.text:_isr:pushbutton2_ISR</name>
         <load_address>0x4400</load_address>
         <run_address>0x4400</run_address>
         <size>0x26e</size>
         <input_file_ref idref="fl-3"/>
      </object_component>
      <object_component id="oc-ce">
         <name>.text:_isr:timerb0_ISR</name>
         <load_address>0x466e</load_address>
         <run_address>0x466e</run_address>
         <size>0x86</size>
         <input_file_ref idref="fl-3"/>
      </object_component>
      <object_component id="oc-c8">
         <name>.text:_isr:timera0_ISR</name>
         <load_address>0x46f4</load_address>
         <run_address>0x46f4</run_address>
         <size>0x6e</size>
         <input_file_ref idref="fl-3"/>
      </object_component>
      <object_component id="oc-72">
         <name>.text:_isr:_c_int00_noargs</name>
         <load_address>0x4762</load_address>
         <run_address>0x4762</run_address>
         <size>0x1c</size>
         <input_file_ref idref="fl-68"/>
      </object_component>
      <object_component id="oc-9e">
         <name>.text:_isr:UNUSED_HWI_ISR</name>
         <load_address>0x477e</load_address>
         <run_address>0x477e</run_address>
         <size>0x4</size>
         <input_file_ref idref="fl-6"/>
      </object_component>
      <object_component id="oc-50e">
         <name>.cinit..data.load</name>
         <load_address>0x4896</load_address>
         <run_address>0x4896</run_address>
         <size>0x58</size>
      </object_component>
      <object_component id="oc-50b">
         <name>__TI_handler_table</name>
         <load_address>0x48ee</load_address>
         <run_address>0x48ee</run_address>
         <size>0xc</size>
      </object_component>
      <object_component id="oc-50d">
         <name>.cinit..bss.load</name>
         <load_address>0x48fa</load_address>
         <run_address>0x48fa</run_address>
         <size>0x6</size>
      </object_component>
      <object_component id="oc-50f">
         <name>.cinit..cio.load</name>
         <load_address>0x4900</load_address>
         <run_address>0x4900</run_address>
         <size>0x6</size>
      </object_component>
      <object_component id="oc-50c">
         <name>__TI_cinit_table</name>
         <load_address>0x4906</load_address>
         <run_address>0x4906</run_address>
         <size>0x18</size>
      </object_component>
      <object_component id="oc-269">
         <name>.const</name>
         <load_address>0x4782</load_address>
         <run_address>0x4782</run_address>
         <size>0x6c</size>
         <input_file_ref idref="fl-25"/>
      </object_component>
      <object_component id="oc-27f">
         <name>.const</name>
         <load_address>0x47ee</load_address>
         <run_address>0x47ee</run_address>
         <size>0x6c</size>
         <input_file_ref idref="fl-26"/>
      </object_component>
      <object_component id="oc-1d3">
         <name>.const:GPIO_PORT_TO_BASE</name>
         <load_address>0x485a</load_address>
         <run_address>0x485a</run_address>
         <size>0x1c</size>
         <input_file_ref idref="fl-17"/>
      </object_component>
      <object_component id="oc-303">
         <name>.const:.string</name>
         <load_address>0x4876</load_address>
         <run_address>0x4876</run_address>
         <size>0x14</size>
         <input_file_ref idref="fl-7b"/>
      </object_component>
      <object_component id="oc-168">
         <name>.const:.string</name>
         <load_address>0x488a</load_address>
         <run_address>0x488a</run_address>
         <size>0xc</size>
         <input_file_ref idref="fl-3"/>
      </object_component>
      <object_component id="oc-46e">
         <name>.cio</name>
         <uninitialized>true</uninitialized>
         <run_address>0x26dc</run_address>
         <size>0x120</size>
         <input_file_ref idref="fl-8b"/>
      </object_component>
      <object_component id="oc-69">
         <name>.int41</name>
         <load_address>0xffd2</load_address>
         <run_address>0xffd2</run_address>
         <size>0x2</size>
         <input_file_ref idref="fl-6"/>
      </object_component>
      <object_component id="oc-6a">
         <name>.int42</name>
         <load_address>0xffd4</load_address>
         <run_address>0xffd4</run_address>
         <size>0x2</size>
         <input_file_ref idref="fl-3"/>
      </object_component>
      <object_component id="oc-6b">
         <name>.int43</name>
         <load_address>0xffd6</load_address>
         <run_address>0xffd6</run_address>
         <size>0x2</size>
         <input_file_ref idref="fl-6"/>
      </object_component>
      <object_component id="oc-6c">
         <name>.int44</name>
         <load_address>0xffd8</load_address>
         <run_address>0xffd8</run_address>
         <size>0x2</size>
         <input_file_ref idref="fl-6"/>
      </object_component>
      <object_component id="oc-6d">
         <name>.int45</name>
         <load_address>0xffda</load_address>
         <run_address>0xffda</run_address>
         <size>0x2</size>
         <input_file_ref idref="fl-6"/>
      </object_component>
      <object_component id="oc-6e">
         <name>.int46</name>
         <load_address>0xffdc</load_address>
         <run_address>0xffdc</run_address>
         <size>0x2</size>
         <input_file_ref idref="fl-6"/>
      </object_component>
      <object_component id="oc-6f">
         <name>.int47</name>
         <load_address>0xffde</load_address>
         <run_address>0xffde</run_address>
         <size>0x2</size>
         <input_file_ref idref="fl-71"/>
      </object_component>
      <object_component id="oc-70">
         <name>.int48</name>
         <load_address>0xffe0</load_address>
         <run_address>0xffe0</run_address>
         <size>0x2</size>
         <input_file_ref idref="fl-6"/>
      </object_component>
      <object_component id="oc-71">
         <name>.int49</name>
         <load_address>0xffe2</load_address>
         <run_address>0xffe2</run_address>
         <size>0x2</size>
         <input_file_ref idref="fl-6"/>
      </object_component>
      <object_component id="oc-78">
         <name>.int50</name>
         <load_address>0xffe4</load_address>
         <run_address>0xffe4</run_address>
         <size>0x2</size>
         <input_file_ref idref="fl-6"/>
      </object_component>
      <object_component id="oc-79">
         <name>.int51</name>
         <load_address>0xffe6</load_address>
         <run_address>0xffe6</run_address>
         <size>0x2</size>
         <input_file_ref idref="fl-6"/>
      </object_component>
      <object_component id="oc-7a">
         <name>.int52</name>
         <load_address>0xffe8</load_address>
         <run_address>0xffe8</run_address>
         <size>0x2</size>
         <input_file_ref idref="fl-6"/>
      </object_component>
      <object_component id="oc-7b">
         <name>.int53</name>
         <load_address>0xffea</load_address>
         <run_address>0xffea</run_address>
         <size>0x2</size>
         <input_file_ref idref="fl-3"/>
      </object_component>
      <object_component id="oc-7c">
         <name>.int54</name>
         <load_address>0xffec</load_address>
         <run_address>0xffec</run_address>
         <size>0x2</size>
         <input_file_ref idref="fl-6"/>
      </object_component>
      <object_component id="oc-7d">
         <name>.int55</name>
         <load_address>0xffee</load_address>
         <run_address>0xffee</run_address>
         <size>0x2</size>
         <input_file_ref idref="fl-6"/>
      </object_component>
      <object_component id="oc-7e">
         <name>.int56</name>
         <load_address>0xfff0</load_address>
         <run_address>0xfff0</run_address>
         <size>0x2</size>
         <input_file_ref idref="fl-6"/>
      </object_component>
      <object_component id="oc-7f">
         <name>.int57</name>
         <load_address>0xfff2</load_address>
         <run_address>0xfff2</run_address>
         <size>0x2</size>
         <input_file_ref idref="fl-72"/>
      </object_component>
      <object_component id="oc-80">
         <name>.int58</name>
         <load_address>0xfff4</load_address>
         <run_address>0xfff4</run_address>
         <size>0x2</size>
         <input_file_ref idref="fl-6"/>
      </object_component>
      <object_component id="oc-81">
         <name>.int59</name>
         <load_address>0xfff6</load_address>
         <run_address>0xfff6</run_address>
         <size>0x2</size>
         <input_file_ref idref="fl-3"/>
      </object_component>
      <object_component id="oc-82">
         <name>.int60</name>
         <load_address>0xfff8</load_address>
         <run_address>0xfff8</run_address>
         <size>0x2</size>
         <input_file_ref idref="fl-6"/>
      </object_component>
      <object_component id="oc-83">
         <name>.int61</name>
         <load_address>0xfffa</load_address>
         <run_address>0xfffa</run_address>
         <size>0x2</size>
         <input_file_ref idref="fl-6"/>
      </object_component>
      <object_component id="oc-84">
         <name>.int62</name>
         <load_address>0xfffc</load_address>
         <run_address>0xfffc</run_address>
         <size>0x2</size>
         <input_file_ref idref="fl-6"/>
      </object_component>
      <object_component id="oc-9a">
         <name>.reset</name>
         <load_address>0xfffe</load_address>
         <run_address>0xfffe</run_address>
         <size>0x2</size>
         <input_file_ref idref="fl-68"/>
      </object_component>
      <object_component id="oc-12b">
         <name>.common:Payload</name>
         <uninitialized>true</uninitialized>
         <run_address>0x289c</run_address>
         <size>0x14</size>
      </object_component>
      <object_component id="oc-13f">
         <name>.common:debug</name>
         <uninitialized>true</uninitialized>
         <run_address>0x28b8</run_address>
         <size>0x6</size>
      </object_component>
      <object_component id="oc-372">
         <name>.common:__TI_cleanup_ptr</name>
         <uninitialized>true</uninitialized>
         <run_address>0x28be</run_address>
         <size>0x4</size>
      </object_component>
      <object_component id="oc-188">
         <name>.common:__TI_dtors_ptr</name>
         <uninitialized>true</uninitialized>
         <run_address>0x28c2</run_address>
         <size>0x4</size>
      </object_component>
      <object_component id="oc-3fd">
         <name>.common:__TI_tmpnams</name>
         <uninitialized>true</uninitialized>
         <run_address>0x27fc</run_address>
         <size>0xa0</size>
      </object_component>
      <object_component id="oc-45f">
         <name>.common:parmbuf</name>
         <uninitialized>true</uninitialized>
         <run_address>0x28b0</run_address>
         <size>0x8</size>
      </object_component>
      <object_component id="oc-3f2">
         <name>.common:sys_free</name>
         <uninitialized>true</uninitialized>
         <run_address>0x28ca</run_address>
         <size>0x4</size>
      </object_component>
      <object_component id="oc-3f5">
         <name>.common:sys_base</name>
         <uninitialized>true</uninitialized>
         <run_address>0x28c6</run_address>
         <size>0x4</size>
      </object_component>
      <object_component id="oc-3f4">
         <name>.common:memsize</name>
         <uninitialized>true</uninitialized>
         <run_address>0x28ce</run_address>
         <size>0x2</size>
      </object_component>
      <object_component id="oc-107">
         <name>.data</name>
         <load_address>0x257c</load_address>
         <run_address>0x257c</run_address>
         <size>0x14</size>
         <input_file_ref idref="fl-3"/>
      </object_component>
      <object_component id="oc-182">
         <name>.data</name>
         <load_address>0x2590</load_address>
         <run_address>0x2590</run_address>
         <size>0x8</size>
         <input_file_ref idref="fl-7a"/>
      </object_component>
      <object_component id="oc-22e">
         <name>.data:_ftable</name>
         <load_address>0x2400</load_address>
         <run_address>0x2400</run_address>
         <size>0xc8</size>
         <input_file_ref idref="fl-7e"/>
      </object_component>
      <object_component id="oc-33a">
         <name>.data:_stream</name>
         <load_address>0x2540</load_address>
         <run_address>0x2540</run_address>
         <size>0x3c</size>
         <input_file_ref idref="fl-81"/>
      </object_component>
      <object_component id="oc-381">
         <name>.data:_device</name>
         <load_address>0x24c8</load_address>
         <run_address>0x24c8</run_address>
         <size>0x78</size>
         <input_file_ref idref="fl-81"/>
      </object_component>
      <object_component id="oc-3a4">
         <name>.data</name>
         <load_address>0x259a</load_address>
         <run_address>0x259a</run_address>
         <size>0x2</size>
         <input_file_ref idref="fl-94"/>
      </object_component>
      <object_component id="oc-3b7">
         <name>.data</name>
         <load_address>0x2598</load_address>
         <run_address>0x2598</run_address>
         <size>0x2</size>
         <input_file_ref idref="fl-7e"/>
      </object_component>
      <object_component id="oc-73">
         <name>.debug_aranges</name>
         <load_address>0x0</load_address>
         <run_address>0x0</run_address>
         <size>0x20</size>
         <input_file_ref idref="fl-68"/>
      </object_component>
      <object_component id="oc-87">
         <name>.debug_aranges</name>
         <load_address>0x20</load_address>
         <run_address>0x20</run_address>
         <size>0x20</size>
         <input_file_ref idref="fl-69"/>
      </object_component>
      <object_component id="oc-8d">
         <name>.debug_aranges</name>
         <load_address>0x40</load_address>
         <run_address>0x40</run_address>
         <size>0x20</size>
         <input_file_ref idref="fl-6b"/>
      </object_component>
      <object_component id="oc-93">
         <name>.debug_aranges</name>
         <load_address>0x60</load_address>
         <run_address>0x60</run_address>
         <size>0x20</size>
         <input_file_ref idref="fl-6a"/>
      </object_component>
      <object_component id="oc-a0">
         <name>.debug_aranges</name>
         <load_address>0x80</load_address>
         <run_address>0x80</run_address>
         <size>0x20</size>
         <input_file_ref idref="fl-6"/>
      </object_component>
      <object_component id="oc-a6">
         <name>.debug_aranges</name>
         <load_address>0xa0</load_address>
         <run_address>0xa0</run_address>
         <size>0x20</size>
         <input_file_ref idref="fl-3"/>
      </object_component>
      <object_component id="oc-ac">
         <name>.debug_aranges</name>
         <load_address>0xc0</load_address>
         <run_address>0xc0</run_address>
         <size>0x20</size>
         <input_file_ref idref="fl-73"/>
      </object_component>
      <object_component id="oc-b1">
         <name>.debug_aranges</name>
         <load_address>0xe0</load_address>
         <run_address>0xe0</run_address>
         <size>0x20</size>
         <input_file_ref idref="fl-78"/>
      </object_component>
      <object_component id="oc-b6">
         <name>.debug_aranges</name>
         <load_address>0x100</load_address>
         <run_address>0x100</run_address>
         <size>0x20</size>
         <input_file_ref idref="fl-7d"/>
      </object_component>
      <object_component id="oc-bd">
         <name>.debug_aranges</name>
         <load_address>0x120</load_address>
         <run_address>0x120</run_address>
         <size>0x20</size>
         <input_file_ref idref="fl-3"/>
      </object_component>
      <object_component id="oc-c3">
         <name>.debug_aranges</name>
         <load_address>0x140</load_address>
         <run_address>0x140</run_address>
         <size>0x20</size>
         <input_file_ref idref="fl-70"/>
      </object_component>
      <object_component id="oc-ca">
         <name>.debug_aranges</name>
         <load_address>0x160</load_address>
         <run_address>0x160</run_address>
         <size>0x20</size>
         <input_file_ref idref="fl-3"/>
      </object_component>
      <object_component id="oc-d0">
         <name>.debug_aranges</name>
         <load_address>0x180</load_address>
         <run_address>0x180</run_address>
         <size>0x20</size>
         <input_file_ref idref="fl-3"/>
      </object_component>
      <object_component id="oc-d6">
         <name>.debug_aranges</name>
         <load_address>0x1a0</load_address>
         <run_address>0x1a0</run_address>
         <size>0x20</size>
         <input_file_ref idref="fl-75"/>
      </object_component>
      <object_component id="oc-ea">
         <name>.debug_aranges</name>
         <load_address>0x1c0</load_address>
         <run_address>0x1c0</run_address>
         <size>0x20</size>
         <input_file_ref idref="fl-6a"/>
      </object_component>
      <object_component id="oc-103">
         <name>.debug_aranges</name>
         <load_address>0x1e0</load_address>
         <run_address>0x1e0</run_address>
         <size>0x20</size>
         <input_file_ref idref="fl-17"/>
      </object_component>
      <object_component id="oc-10c">
         <name>.debug_aranges</name>
         <load_address>0x200</load_address>
         <run_address>0x200</run_address>
         <size>0x20</size>
         <input_file_ref idref="fl-25"/>
      </object_component>
      <object_component id="oc-112">
         <name>.debug_aranges</name>
         <load_address>0x220</load_address>
         <run_address>0x220</run_address>
         <size>0x20</size>
         <input_file_ref idref="fl-17"/>
      </object_component>
      <object_component id="oc-11b">
         <name>.debug_aranges</name>
         <load_address>0x240</load_address>
         <run_address>0x240</run_address>
         <size>0x20</size>
         <input_file_ref idref="fl-25"/>
      </object_component>
      <object_component id="oc-121">
         <name>.debug_aranges</name>
         <load_address>0x260</load_address>
         <run_address>0x260</run_address>
         <size>0x20</size>
         <input_file_ref idref="fl-25"/>
      </object_component>
      <object_component id="oc-127">
         <name>.debug_aranges</name>
         <load_address>0x280</load_address>
         <run_address>0x280</run_address>
         <size>0x20</size>
         <input_file_ref idref="fl-25"/>
      </object_component>
      <object_component id="oc-12e">
         <name>.debug_aranges</name>
         <load_address>0x2a0</load_address>
         <run_address>0x2a0</run_address>
         <size>0x20</size>
         <input_file_ref idref="fl-17"/>
      </object_component>
      <object_component id="oc-138">
         <name>.debug_aranges</name>
         <load_address>0x2c0</load_address>
         <run_address>0x2c0</run_address>
         <size>0x20</size>
         <input_file_ref idref="fl-17"/>
      </object_component>
      <object_component id="oc-14c">
         <name>.debug_aranges</name>
         <load_address>0x2e0</load_address>
         <run_address>0x2e0</run_address>
         <size>0x20</size>
         <input_file_ref idref="fl-31"/>
      </object_component>
      <object_component id="oc-152">
         <name>.debug_aranges</name>
         <load_address>0x300</load_address>
         <run_address>0x300</run_address>
         <size>0x20</size>
         <input_file_ref idref="fl-2"/>
      </object_component>
      <object_component id="oc-158">
         <name>.debug_aranges</name>
         <load_address>0x320</load_address>
         <run_address>0x320</run_address>
         <size>0x20</size>
         <input_file_ref idref="fl-5"/>
      </object_component>
      <object_component id="oc-15e">
         <name>.debug_aranges</name>
         <load_address>0x340</load_address>
         <run_address>0x340</run_address>
         <size>0x20</size>
         <input_file_ref idref="fl-5"/>
      </object_component>
      <object_component id="oc-164">
         <name>.debug_aranges</name>
         <load_address>0x360</load_address>
         <run_address>0x360</run_address>
         <size>0x20</size>
         <input_file_ref idref="fl-5"/>
      </object_component>
      <object_component id="oc-16b">
         <name>.debug_aranges</name>
         <load_address>0x380</load_address>
         <run_address>0x380</run_address>
         <size>0x20</size>
         <input_file_ref idref="fl-79"/>
      </object_component>
      <object_component id="oc-171">
         <name>.debug_aranges</name>
         <load_address>0x3a0</load_address>
         <run_address>0x3a0</run_address>
         <size>0x20</size>
         <input_file_ref idref="fl-25"/>
      </object_component>
      <object_component id="oc-177">
         <name>.debug_aranges</name>
         <load_address>0x3c0</load_address>
         <run_address>0x3c0</run_address>
         <size>0x20</size>
         <input_file_ref idref="fl-25"/>
      </object_component>
      <object_component id="oc-17d">
         <name>.debug_aranges</name>
         <load_address>0x3e0</load_address>
         <run_address>0x3e0</run_address>
         <size>0x20</size>
         <input_file_ref idref="fl-26"/>
      </object_component>
      <object_component id="oc-18d">
         <name>.debug_aranges</name>
         <load_address>0x400</load_address>
         <run_address>0x400</run_address>
         <size>0x20</size>
         <input_file_ref idref="fl-70"/>
      </object_component>
      <object_component id="oc-195">
         <name>.debug_aranges</name>
         <load_address>0x420</load_address>
         <run_address>0x420</run_address>
         <size>0x20</size>
         <input_file_ref idref="fl-25"/>
      </object_component>
      <object_component id="oc-19b">
         <name>.debug_aranges</name>
         <load_address>0x440</load_address>
         <run_address>0x440</run_address>
         <size>0x20</size>
         <input_file_ref idref="fl-25"/>
      </object_component>
      <object_component id="oc-1a2">
         <name>.debug_aranges</name>
         <load_address>0x460</load_address>
         <run_address>0x460</run_address>
         <size>0x20</size>
         <input_file_ref idref="fl-26"/>
      </object_component>
      <object_component id="oc-1a8">
         <name>.debug_aranges</name>
         <load_address>0x480</load_address>
         <run_address>0x480</run_address>
         <size>0x20</size>
         <input_file_ref idref="fl-17"/>
      </object_component>
      <object_component id="oc-1ae">
         <name>.debug_aranges</name>
         <load_address>0x4a0</load_address>
         <run_address>0x4a0</run_address>
         <size>0x20</size>
         <input_file_ref idref="fl-17"/>
      </object_component>
      <object_component id="oc-1b4">
         <name>.debug_aranges</name>
         <load_address>0x4c0</load_address>
         <run_address>0x4c0</run_address>
         <size>0x20</size>
         <input_file_ref idref="fl-26"/>
      </object_component>
      <object_component id="oc-1f6">
         <name>.debug_aranges</name>
         <load_address>0x4e0</load_address>
         <run_address>0x4e0</run_address>
         <size>0x20</size>
         <input_file_ref idref="fl-17"/>
      </object_component>
      <object_component id="oc-1fc">
         <name>.debug_aranges</name>
         <load_address>0x500</load_address>
         <run_address>0x500</run_address>
         <size>0x20</size>
         <input_file_ref idref="fl-17"/>
      </object_component>
      <object_component id="oc-202">
         <name>.debug_aranges</name>
         <load_address>0x520</load_address>
         <run_address>0x520</run_address>
         <size>0x20</size>
         <input_file_ref idref="fl-17"/>
      </object_component>
      <object_component id="oc-209">
         <name>.debug_aranges</name>
         <load_address>0x540</load_address>
         <run_address>0x540</run_address>
         <size>0x20</size>
         <input_file_ref idref="fl-25"/>
      </object_component>
      <object_component id="oc-20f">
         <name>.debug_aranges</name>
         <load_address>0x560</load_address>
         <run_address>0x560</run_address>
         <size>0x20</size>
         <input_file_ref idref="fl-25"/>
      </object_component>
      <object_component id="oc-217">
         <name>.debug_aranges</name>
         <load_address>0x580</load_address>
         <run_address>0x580</run_address>
         <size>0x20</size>
         <input_file_ref idref="fl-26"/>
      </object_component>
      <object_component id="oc-21d">
         <name>.debug_aranges</name>
         <load_address>0x5a0</load_address>
         <run_address>0x5a0</run_address>
         <size>0x20</size>
         <input_file_ref idref="fl-26"/>
      </object_component>
      <object_component id="oc-223">
         <name>.debug_aranges</name>
         <load_address>0x5c0</load_address>
         <run_address>0x5c0</run_address>
         <size>0x20</size>
         <input_file_ref idref="fl-26"/>
      </object_component>
      <object_component id="oc-229">
         <name>.debug_aranges</name>
         <load_address>0x5e0</load_address>
         <run_address>0x5e0</run_address>
         <size>0x20</size>
         <input_file_ref idref="fl-26"/>
      </object_component>
      <object_component id="oc-233">
         <name>.debug_aranges</name>
         <load_address>0x600</load_address>
         <run_address>0x600</run_address>
         <size>0x20</size>
         <input_file_ref idref="fl-79"/>
      </object_component>
      <object_component id="oc-239">
         <name>.debug_aranges</name>
         <load_address>0x620</load_address>
         <run_address>0x620</run_address>
         <size>0x20</size>
         <input_file_ref idref="fl-79"/>
      </object_component>
      <object_component id="oc-241">
         <name>.debug_aranges</name>
         <load_address>0x640</load_address>
         <run_address>0x640</run_address>
         <size>0x20</size>
         <input_file_ref idref="fl-7b"/>
      </object_component>
      <object_component id="oc-24a">
         <name>.debug_aranges</name>
         <load_address>0x660</load_address>
         <run_address>0x660</run_address>
         <size>0x20</size>
         <input_file_ref idref="fl-7a"/>
      </object_component>
      <object_component id="oc-26e">
         <name>.debug_aranges</name>
         <load_address>0x680</load_address>
         <run_address>0x680</run_address>
         <size>0x20</size>
         <input_file_ref idref="fl-25"/>
      </object_component>
      <object_component id="oc-27a">
         <name>.debug_aranges</name>
         <load_address>0x6a0</load_address>
         <run_address>0x6a0</run_address>
         <size>0x20</size>
         <input_file_ref idref="fl-25"/>
      </object_component>
      <object_component id="oc-284">
         <name>.debug_aranges</name>
         <load_address>0x6c0</load_address>
         <run_address>0x6c0</run_address>
         <size>0x20</size>
         <input_file_ref idref="fl-26"/>
      </object_component>
      <object_component id="oc-290">
         <name>.debug_aranges</name>
         <load_address>0x6e0</load_address>
         <run_address>0x6e0</run_address>
         <size>0x20</size>
         <input_file_ref idref="fl-26"/>
      </object_component>
      <object_component id="oc-29f">
         <name>.debug_aranges</name>
         <load_address>0x700</load_address>
         <run_address>0x700</run_address>
         <size>0x20</size>
         <input_file_ref idref="fl-80"/>
      </object_component>
      <object_component id="oc-2a3">
         <name>.debug_aranges</name>
         <load_address>0x720</load_address>
         <run_address>0x720</run_address>
         <size>0x20</size>
         <input_file_ref idref="fl-7f"/>
      </object_component>
      <object_component id="oc-2aa">
         <name>.debug_aranges</name>
         <load_address>0x740</load_address>
         <run_address>0x740</run_address>
         <size>0x20</size>
         <input_file_ref idref="fl-88"/>
      </object_component>
      <object_component id="oc-2b4">
         <name>.debug_aranges</name>
         <load_address>0x760</load_address>
         <run_address>0x760</run_address>
         <size>0x20</size>
         <input_file_ref idref="fl-7b"/>
      </object_component>
      <object_component id="oc-2b8">
         <name>.debug_aranges</name>
         <load_address>0x780</load_address>
         <run_address>0x780</run_address>
         <size>0x20</size>
         <input_file_ref idref="fl-7b"/>
      </object_component>
      <object_component id="oc-2e2">
         <name>.debug_aranges</name>
         <load_address>0x7a0</load_address>
         <run_address>0x7a0</run_address>
         <size>0x20</size>
         <input_file_ref idref="fl-8c"/>
      </object_component>
      <object_component id="oc-2e6">
         <name>.debug_aranges</name>
         <load_address>0x7c0</load_address>
         <run_address>0x7c0</run_address>
         <size>0x20</size>
         <input_file_ref idref="fl-83"/>
      </object_component>
      <object_component id="oc-2ed">
         <name>.debug_aranges</name>
         <load_address>0x7e0</load_address>
         <run_address>0x7e0</run_address>
         <size>0x20</size>
         <input_file_ref idref="fl-8d"/>
      </object_component>
      <object_component id="oc-2f2">
         <name>.debug_aranges</name>
         <load_address>0x800</load_address>
         <run_address>0x800</run_address>
         <size>0x20</size>
         <input_file_ref idref="fl-81"/>
      </object_component>
      <object_component id="oc-300">
         <name>.debug_aranges</name>
         <load_address>0x820</load_address>
         <run_address>0x820</run_address>
[...]
         <object_component_ref idref="oc-136"/>
      </symbol>
      <symbol id="sm-491">
         <name>GPIO_clearInterruptFlag</name>
         <value>0x115fc</value>
         <object_component_ref idref="oc-101"/>
      </symbol>
      <symbol id="sm-492">
         <name>GPIO_setAsPeripheralModuleFunctionOutputPin</name>
         <value>0x11590</value>
         <object_component_ref idref="oc-1f4"/>
      </symbol>
      <symbol id="sm-50d">
         <name>TIMER_A_disableCaptureCompareInterrupt</name>
         <value>0x1177a</value>
         <object_component_ref idref="oc-175"/>
      </symbol>
      <symbol id="sm-50e">
         <name>TIMER_A_startCounter</name>
         <value>0x117d2</value>
         <object_component_ref idref="oc-125"/>
      </symbol>
      <symbol id="sm-50f">
         <name>TIMER_A_configureUpMode</name>
         <value>0x10e1a</value>
         <object_component_ref idref="oc-207"/>
      </symbol>
      <symbol id="sm-510">
         <name>TIMER_A_initCompare</name>
         <value>0x110d0</value>
         <object_component_ref idref="oc-20d"/>
      </symbol>
      <symbol id="sm-511">
         <name>TIMER_A_disableInterrupt</name>
         <value>0x117cc</value>
         <object_component_ref idref="oc-16f"/>
      </symbol>
      <symbol id="sm-512">
         <name>TIMER_A_initCompareMode</name>
         <value>0x11308</value>
         <object_component_ref idref="oc-278"/>
      </symbol>
      <symbol id="sm-513">
         <name>TIMER_A_getCounterValue</name>
         <value>0x11418</value>
         <object_component_ref idref="oc-10a"/>
      </symbol>
      <symbol id="sm-514">
         <name>TIMER_A_setCompareValue</name>
         <value>0x11786</value>
         <object_component_ref idref="oc-199"/>
      </symbol>
      <symbol id="sm-515">
         <name>TIMER_A_initUpMode</name>
         <value>0x1079e</value>
         <object_component_ref idref="oc-26c"/>
      </symbol>
      <symbol id="sm-516">
         <name>TIMER_A_stop</name>
         <value>0x11792</value>
         <object_component_ref idref="oc-11f"/>
      </symbol>
      <symbol id="sm-517">
         <name>TIMER_A_clear</name>
         <value>0x117c0</value>
         <object_component_ref idref="oc-119"/>
      </symbol>
      <symbol id="sm-518">
         <name>TIMER_A_clearTimerInterruptFlag</name>
         <value>0x117c6</value>
         <object_component_ref idref="oc-193"/>
      </symbol>
      <symbol id="sm-56d">
         <name>TIMER_B_initCompareMode</name>
         <value>0x11340</value>
         <object_component_ref idref="oc-28e"/>
      </symbol>
      <symbol id="sm-56e">
         <name>TIMER_B_clearCaptureCompareInterruptFlag</name>
         <value>0x117b6</value>
         <object_component_ref idref="oc-221"/>
      </symbol>
      <symbol id="sm-56f">
         <name>TIMER_B_setCompareValue</name>
         <value>0x117aa</value>
         <object_component_ref idref="oc-1b2"/>
      </symbol>
      <symbol id="sm-570">
         <name>TIMER_B_configureUpMode</name>
         <value>0x10e6e</value>
         <object_component_ref idref="oc-215"/>
      </symbol>
      <symbol id="sm-571">
         <name>TIMER_B_clearTimerInterruptFlag</name>
         <value>0x117d8</value>
         <object_component_ref idref="oc-1a0"/>
      </symbol>
      <symbol id="sm-572">
         <name>TIMER_B_startCounter</name>
         <value>0x117de</value>
         <object_component_ref idref="oc-227"/>
      </symbol>
      <symbol id="sm-573">
         <name>TIMER_B_initUpMode</name>
         <value>0x1081a</value>
         <object_component_ref idref="oc-282"/>
      </symbol>
      <symbol id="sm-574">
         <name>TIMER_B_initCompare</name>
         <value>0x11112</value>
         <object_component_ref idref="oc-21b"/>
      </symbol>
      <symbol id="sm-575">
         <name>TIMER_B_disableCaptureCompareInterrupt</name>
         <value>0x1179e</value>
         <object_component_ref idref="oc-17b"/>
      </symbol>
      <symbol id="sm-588">
         <name>WDT_A_hold</name>
         <value>0x11670</value>
         <object_component_ref idref="oc-14a"/>
      </symbol>
      <symbol id="sm-5a4">
         <name>__TI_cleanup_ptr</name>
         <value>0x28be</value>
      </symbol>
      <symbol id="sm-5a5">
         <name>__TI_dtors_ptr</name>
         <value>0x28c2</value>
      </symbol>
      <symbol id="sm-5a6">
         <name>_c_int00</name>
         <value>0x4762</value>
         <object_component_ref idref="oc-72"/>
      </symbol>
      <symbol id="sm-5a7">
         <name>_stack</name>
         <value>0x4360</value>
         <object_component_ref idref="oc-97"/>
      </symbol>
      <symbol id="sm-5a8">
         <name>_c_int00_noargs</name>
         <value>0x4762</value>
         <object_component_ref idref="oc-72"/>
      </symbol>
      <symbol id="sm-5a9">
         <name>_reset_vector</name>
         <value>0xfffe</value>
         <object_component_ref idref="oc-9a"/>
      </symbol>
      <symbol id="sm-5bf">
         <name>__TI_decompress_none</name>
         <value>0x11748</value>
         <object_component_ref idref="oc-85"/>
      </symbol>
      <symbol id="sm-5e1">
         <name>__TI_decompress_rle24</name>
         <value>0x117f0</value>
         <object_component_ref idref="oc-91"/>
      </symbol>
      <symbol id="sm-5f4">
         <name>__TI_zero_init</name>
         <value>0x115b8</value>
         <object_component_ref idref="oc-8b"/>
      </symbol>
      <symbol id="sm-5ff">
         <name>__mspabi_remu</name>
         <value>0x11708</value>
         <object_component_ref idref="oc-3e9"/>
      </symbol>
      <symbol id="sm-600">
         <name>__mspabi_divu</name>
         <value>0x11708</value>
         <object_component_ref idref="oc-3e9"/>
      </symbol>
      <symbol id="sm-618">
         <name>C$$EXIT</name>
         <value>0x117fe</value>
         <object_component_ref idref="oc-18b"/>
      </symbol>
      <symbol id="sm-619">
         <name>abort</name>
         <value>0x117fe</value>
         <object_component_ref idref="oc-18b"/>
      </symbol>
      <symbol id="sm-61a">
         <name>exit</name>
         <value>0x1150c</value>
         <object_component_ref idref="oc-c1"/>
      </symbol>
      <symbol id="sm-61d">
         <name>__TI_int47</name>
         <value>0xffde</value>
         <object_component_ref idref="oc-6f"/>
      </symbol>
      <symbol id="sm-620">
         <name>__TI_int57</name>
         <value>0xfff2</value>
         <object_component_ref idref="oc-7f"/>
      </symbol>
      <symbol id="sm-628">
         <name>__TI_ISR_TRAP</name>
         <value>0x117e4</value>
         <object_component_ref idref="oc-aa"/>
      </symbol>
      <symbol id="sm-63c">
         <name>memcpy</name>
         <value>0x11734</value>
         <object_component_ref idref="oc-d4"/>
      </symbol>
      <symbol id="sm-647">
         <name>_system_pre_init</name>
         <value>0x117fa</value>
         <object_component_ref idref="oc-af"/>
      </symbol>
      <symbol id="sm-66a">
         <name>printf</name>
         <value>0x10ff8</value>
         <object_component_ref idref="oc-169"/>
      </symbol>
      <symbol id="sm-67b">
         <name>_nop</name>
         <value>0x11802</value>
         <object_component_ref idref="oc-248"/>
      </symbol>
      <symbol id="sm-67c">
         <name>_lock</name>
         <value>0x2590</value>
         <object_component_ref idref="oc-182"/>
      </symbol>
      <symbol id="sm-67d">
         <name>_unlock</name>
         <value>0x2594</value>
         <object_component_ref idref="oc-182"/>
      </symbol>
      <symbol id="sm-6ea">
         <name>__TI_printfi_minimal</name>
         <value>0x103d8</value>
         <object_component_ref idref="oc-23d"/>
      </symbol>
      <symbol id="sm-702">
         <name>_auto_init_hold_wdt</name>
         <value>0x109e8</value>
         <object_component_ref idref="oc-b5"/>
      </symbol>
      <symbol id="sm-712">
         <name>__TI_tmpnams</name>
         <value>0x27fc</value>
      </symbol>
      <symbol id="sm-713">
         <name>_ftable</name>
         <value>0x2400</value>
         <object_component_ref idref="oc-22e"/>
      </symbol>
      <symbol id="sm-714">
         <name>__TI_ft_end</name>
         <value>0x2598</value>
         <object_component_ref idref="oc-3b7"/>
      </symbol>
      <symbol id="sm-727">
         <name>fputc</name>
         <value>0x10602</value>
         <object_component_ref idref="oc-2a2"/>
      </symbol>
      <symbol id="sm-73f">
         <name>fputs</name>
         <value>0x10132</value>
         <object_component_ref idref="oc-29b"/>
      </symbol>
      <symbol id="sm-797">
         <name>lseek</name>
         <value>0x1128e</value>
         <object_component_ref idref="oc-358"/>
      </symbol>
      <symbol id="sm-798">
         <name>write</name>
         <value>0x112cc</value>
         <object_component_ref idref="oc-2f1"/>
      </symbol>
      <symbol id="sm-799">
         <name>close</name>
         <value>0x10d10</value>
         <object_component_ref idref="oc-3f7"/>
      </symbol>
      <symbol id="sm-79a">
         <name>unlink</name>
         <value>0x114ae</value>
         <object_component_ref idref="oc-3fe"/>
      </symbol>
      <symbol id="sm-7a9">
         <name>memccpy</name>
         <value>0x115dc</value>
         <object_component_ref idref="oc-30a"/>
      </symbol>
      <symbol id="sm-7b8">
         <name>memchr</name>
         <value>0x116dc</value>
         <object_component_ref idref="oc-2e5"/>
      </symbol>
      <symbol id="sm-7c6">
         <name>memset</name>
         <value>0x116f2</value>
         <object_component_ref idref="oc-2fd"/>
      </symbol>
      <symbol id="sm-7ce">
         <name>__mspabi_mpyi_f5hw</name>
         <value>0x1171e</value>
         <object_component_ref idref="oc-335"/>
      </symbol>
      <symbol id="sm-7dd">
         <name>strchr</name>
         <value>0x116c2</value>
         <object_component_ref idref="oc-478"/>
      </symbol>
      <symbol id="sm-7eb">
         <name>strcmp</name>
         <value>0x1168c</value>
         <object_component_ref idref="oc-495"/>
      </symbol>
      <symbol id="sm-7f8">
         <name>strlen</name>
         <value>0x1176c</value>
         <object_component_ref idref="oc-2a9"/>
      </symbol>
      <symbol id="sm-808">
         <name>strncpy</name>
         <value>0x1147c</value>
         <object_component_ref idref="oc-47e"/>
      </symbol>
      <symbol id="sm-843">
         <name>HOSTrename</name>
         <value>0x10896</value>
         <object_component_ref idref="oc-3e1"/>
      </symbol>
      <symbol id="sm-844">
         <name>HOSTclose</name>
         <value>0x10f60</value>
         <object_component_ref idref="oc-3c3"/>
      </symbol>
      <symbol id="sm-845">
         <name>HOSTunlink</name>
         <value>0x1108a</value>
         <object_component_ref idref="oc-3db"/>
      </symbol>
      <symbol id="sm-846">
         <name>HOSTlseek</name>
         <value>0x10564</value>
         <object_component_ref idref="oc-3d5"/>
      </symbol>
      <symbol id="sm-847">
         <name>HOSTopen</name>
         <value>0x1097a</value>
         <object_component_ref idref="oc-3bd"/>
      </symbol>
      <symbol id="sm-848">
         <name>HOSTwrite</name>
         <value>0x10a56</value>
         <object_component_ref idref="oc-3cf"/>
      </symbol>
      <symbol id="sm-849">
         <name>HOSTread</name>
         <value>0x10b2a</value>
         <object_component_ref idref="oc-3c9"/>
      </symbol>
      <symbol id="sm-867">
         <name>__TI_readmsg</name>
         <value>0x1144a</value>
         <object_component_ref idref="oc-416"/>
      </symbol>
      <symbol id="sm-868">
         <name>C$$IO$$</name>
         <value>0x113e0</value>
         <object_component_ref idref="oc-40f"/>
      </symbol>
      <symbol id="sm-869">
         <name>_CIOBUF_</name>
         <value>0x26dc</value>
         <object_component_ref idref="oc-46e"/>
      </symbol>
      <symbol id="sm-86a">
         <name>__TI_writemsg</name>
         <value>0x113ae</value>
         <object_component_ref idref="oc-40f"/>
      </symbol>
      <symbol id="sm-882">
         <name>__TI_wrt_ok</name>
         <value>0x10720</value>
         <object_component_ref idref="oc-2df"/>
      </symbol>
      <symbol id="sm-893">
         <name>__TI_doflush</name>
         <value>0x10b92</value>
         <object_component_ref idref="oc-2eb"/>
      </symbol>
      <symbol id="sm-8a3">
         <name>fseek</name>
         <value>0x10ac0</value>
         <object_component_ref idref="oc-323"/>
      </symbol>
      <symbol id="sm-8ab">
         <name>__mspabi_slll_9</name>
         <value>0x1122a</value>
         <object_component_ref idref="oc-448"/>
      </symbol>
      <symbol id="sm-8ac">
         <name>__mspabi_slll_8</name>
         <value>0x1122e</value>
         <object_component_ref idref="oc-448"/>
      </symbol>
      <symbol id="sm-8ad">
         <name>__mspabi_slll_7</name>
         <value>0x11232</value>
         <object_component_ref idref="oc-448"/>
      </symbol>
      <symbol id="sm-8ae">
         <name>__mspabi_slll_6</name>
         <value>0x11236</value>
         <object_component_ref idref="oc-448"/>
      </symbol>
      <symbol id="sm-8af">
         <name>__mspabi_slll_5</name>
         <value>0x1123a</value>
         <object_component_ref idref="oc-448"/>
      </symbol>
      <symbol id="sm-8b0">
         <name>__mspabi_slll_4</name>
         <value>0x1123e</value>
         <object_component_ref idref="oc-448"/>
      </symbol>
      <symbol id="sm-8b1">
         <name>__mspabi_slll_3</name>
         <value>0x11242</value>
         <object_component_ref idref="oc-448"/>
      </symbol>
      <symbol id="sm-8b2">
         <name>__mspabi_slll_2</name>
         <value>0x11246</value>
         <object_component_ref idref="oc-448"/>
      </symbol>
      <symbol id="sm-8b3">
         <name>__mspabi_slll_1</name>
         <value>0x1124a</value>
         <object_component_ref idref="oc-448"/>
      </symbol>
      <symbol id="sm-8b4">
         <name>__mspabi_slll_15</name>
         <value>0x11212</value>
         <object_component_ref idref="oc-448"/>
      </symbol>
      <symbol id="sm-8b5">
         <name>__mspabi_slll_14</name>
         <value>0x11216</value>
         <object_component_ref idref="oc-448"/>
      </symbol>
      <symbol id="sm-8b6">
         <name>__mspabi_slll_13</name>
         <value>0x1121a</value>
         <object_component_ref idref="oc-448"/>
      </symbol>
      <symbol id="sm-8b7">
         <name>__mspabi_slll_12</name>
         <value>0x1121e</value>
         <object_component_ref idref="oc-448"/>
      </symbol>
      <symbol id="sm-8b8">
         <name>__mspabi_slll_11</name>
         <value>0x11222</value>
         <object_component_ref idref="oc-448"/>
      </symbol>
      <symbol id="sm-8b9">
         <name>__mspabi_slll_10</name>
         <value>0x11226</value>
         <object_component_ref idref="oc-448"/>
      </symbol>
      <symbol id="sm-8c1">
         <name>__mspabi_srll_8</name>
         <value>0x1126c</value>
         <object_component_ref idref="oc-43b"/>
      </symbol>
      <symbol id="sm-8c2">
         <name>__mspabi_srll_9</name>
         <value>0x11268</value>
         <object_component_ref idref="oc-43b"/>
      </symbol>
      <symbol id="sm-8c3">
         <name>__mspabi_srll_6</name>
         <value>0x11274</value>
         <object_component_ref idref="oc-43b"/>
      </symbol>
      <symbol id="sm-8c4">
         <name>__mspabi_srll_7</name>
         <value>0x11270</value>
         <object_component_ref idref="oc-43b"/>
      </symbol>
      <symbol id="sm-8c5">
         <name>__mspabi_srll_4</name>
         <value>0x1127c</value>
         <object_component_ref idref="oc-43b"/>
      </symbol>
      <symbol id="sm-8c6">
         <name>__mspabi_srll_5</name>
         <value>0x11278</value>
         <object_component_ref idref="oc-43b"/>
      </symbol>
      <symbol id="sm-8c7">
         <name>__mspabi_srll_2</name>
         <value>0x11284</value>
         <object_component_ref idref="oc-43b"/>
      </symbol>
      <symbol id="sm-8c8">
         <name>__mspabi_srll_3</name>
         <value>0x11280</value>
         <object_component_ref idref="oc-43b"/>
      </symbol>
      <symbol id="sm-8c9">
         <name>__mspabi_srll_1</name>
         <value>0x11288</value>
         <object_component_ref idref="oc-43b"/>
      </symbol>
      <symbol id="sm-8ca">
         <name>__mspabi_srll_15</name>
         <value>0x11250</value>
         <object_component_ref idref="oc-43b"/>
      </symbol>
      <symbol id="sm-8cb">
         <name>__mspabi_srll_14</name>
         <value>0x11254</value>
         <object_component_ref idref="oc-43b"/>
      </symbol>
      <symbol id="sm-8cc">
         <name>__mspabi_srll_13</name>
         <value>0x11258</value>
         <object_component_ref idref="oc-43b"/>
      </symbol>
      <symbol id="sm-8cd">
         <name>__mspabi_srll_12</name>
         <value>0x1125c</value>
         <object_component_ref idref="oc-43b"/>
      </symbol>
      <symbol id="sm-8ce">
         <name>__mspabi_srll_11</name>
         <value>0x11260</value>
         <object_component_ref idref="oc-43b"/>
      </symbol>
      <symbol id="sm-8cf">
         <name>__mspabi_srll_10</name>
         <value>0x11264</value>
         <object_component_ref idref="oc-43b"/>
      </symbol>
      <symbol id="sm-8e7">
         <name>setvbuf</name>
         <value>0x10222</value>
         <object_component_ref idref="oc-329"/>
      </symbol>
      <symbol id="sm-8f4">
         <name>strcpy</name>
         <value>0x1175a</value>
         <object_component_ref idref="oc-456"/>
      </symbol>
      <symbol id="sm-900">
         <name>__TI_cleanup</name>
         <value>0x11378</value>
         <object_component_ref idref="oc-36c"/>
      </symbol>
      <symbol id="sm-94b">
         <name>_sys_memory</name>
         <value>0x259c</value>
         <object_component_ref idref="oc-9b"/>
      </symbol>
      <symbol id="sm-94c">
         <name>free</name>
         <value>0x10692</value>
         <object_component_ref idref="oc-360"/>
      </symbol>
      <symbol id="sm-94d">
         <name>malloc</name>
         <value>0x104aa</value>
         <object_component_ref idref="oc-366"/>
      </symbol>
      <symbol id="sm-94e">
         <name>minit</name>
         <value>0x11154</value>
         <object_component_ref idref="oc-3a7"/>
      </symbol>
      <symbol id="sm-95f">
         <name>__TI_closefile</name>
         <value>0x1090a</value>
         <object_component_ref idref="oc-3b1"/>
      </symbol>
      <symbol id="sm-961">
         <name>__TI_exit</name>
         <value>0x1</value>
      </symbol>
      <symbol id="sm-962">
         <name>__TI_args_main</name>
         <value>0x1</value>
      </symbol>
      <symbol id="sm-963">
         <name>__TI_INITARRAY_Base</name>
         <value>0x0</value>
      </symbol>
      <symbol id="sm-964">
         <name>__TI_INITARRAY_Limit</name>
         <value>0x0</value>
      </symbol>
      <symbol id="sm-967">
         <name>remove</name>
         <value>0x114ae</value>
      </symbol>
   </symbol_table>
   <title>Link successful</title>
</link_info>
